stm32f1xx_it.c:53:6:NMI_Handler	4	static
stm32f1xx_it.c:62:6:HardFault_Handler	4	static
stm32f1xx_it.c:75:6:MemManage_Handler	4	static
stm32f1xx_it.c:88:6:BusFault_Handler	4	static
stm32f1xx_it.c:101:6:UsageFault_Handler	4	static
stm32f1xx_it.c:114:6:SVC_Handler	4	static
stm32f1xx_it.c:123:6:DebugMon_Handler	4	static
stm32f1xx_it.c:132:6:PendSV_Handler	4	static
stm32f1xx_it.c:140:6:SysTick_Handler	4	static
stm32f1xx_it.c:146:10:millis	4	static
stm32f1xx_it.c:171:6:crono	16	static
stm32f1xx_it.c:229:6:EXTI9_5_IRQHandler	8	static
stm32f1xx_it.c:245:10:Ler_Modo_Oper	4	static
stm32f1xx_it.c:251:6:USART2_IRQHandler	8	static
