stm32f1xx_it.c:54:6:NMI_Handler	4	static
stm32f1xx_it.c:62:6:HardFault_Handler	4	static
stm32f1xx_it.c:73:6:MemManage_Handler	4	static
stm32f1xx_it.c:84:6:BusFault_Handler	4	static
stm32f1xx_it.c:95:6:UsageFault_Handler	4	static
stm32f1xx_it.c:106:6:SVC_Handler	4	static
stm32f1xx_it.c:114:6:DebugMon_Handler	4	static
stm32f1xx_it.c:122:6:PendSV_Handler	4	static
stm32f1xx_it.c:133:6:SysTick_Handler	4	static
stm32f1xx_it.c:137:10:millis	4	static
stm32f1xx_it.c:141:6:time_start_set	8	static
stm32f1xx_it.c:149:6:time_get	24	static
stm32f1xx_it.c:182:9:seg7	16	static
stm32f1xx_it.c:217:6:EXTI9_5_IRQHandler	8	static
stm32f1xx_it.c:226:10:get_estado_crono	4	static
stm32f1xx_it.c:230:6:USART_SendBytes	24	static
stm32f1xx_it.c:243:6:assemblePayload	16	static
stm32f1xx_it.c:251:6:USART2_IRQHandler	8	static
